<testsuites id="" name="" tests="24" failures="0" skipped="0" errors="1" time="98.57724400000001">
<testsuite name="hina-fatima-portfolio\contact-form-invalid-input.spec.ts" timestamp="2026-07-25T11:39:30.889Z" hostname="chromium" tests="1" failures="0" skipped="0" time="5.198" errors="0">
<testcase name="Invalid input handling shows clear feedback" classname="hina-fatima-portfolio\contact-form-invalid-input.spec.ts" time="5.198">
<system-out>
<![CDATA[
[[ATTACHMENT|hina-fatima-portfolio-cont-a51ff-ndling-shows-clear-feedback-chromium\video.webm]]
]]>
</system-out>
</testcase>
</testsuite>
<testsuite name="hina-fatima-portfolio\contact-form-success.spec.ts" timestamp="2026-07-25T11:39:30.889Z" hostname="chromium" tests="1" failures="0" skipped="0" time="4.918" errors="0">
<testcase name="Valid contact form submission succeeds" classname="hina-fatima-portfolio\contact-form-success.spec.ts" time="4.918">
<system-out>
<![CDATA[
[[ATTACHMENT|hina-fatima-portfolio-cont-58e2c-ct-form-submission-succeeds-chromium\video.webm]]
]]>
</system-out>
</testcase>
</testsuite>
<testsuite name="hina-fatima-portfolio\contact-form-validation.spec.ts" timestamp="2026-07-25T11:39:30.889Z" hostname="chromium" tests="1" failures="0" skipped="0" time="4.352" errors="0">
<testcase name="Contact form blocks submission when required fields are empty" classname="hina-fatima-portfolio\contact-form-validation.spec.ts" time="4.352">
<system-out>
<![CDATA[
[[ATTACHMENT|hina-fatima-portfolio-cont-91ca1-n-required-fields-are-empty-chromium\video.webm]]
]]>
</system-out>
</testcase>
</testsuite>
<testsuite name="hina-fatima-portfolio\cta-interaction.spec.ts" timestamp="2026-07-25T11:39:30.889Z" hostname="chromium" tests="1" failures="0" skipped="0" time="4.9" errors="0">
<testcase name="Primary call-to-action buttons are interactive" classname="hina-fatima-portfolio\cta-interaction.spec.ts" time="4.9">
<system-out>
<![CDATA[
[[ATTACHMENT|hina-fatima-portfolio-cta--70195-ion-buttons-are-interactive-chromium\video.webm]]
]]>
</system-out>
</testcase>
</testsuite>
<testsuite name="hina-fatima-portfolio\navbar-navigation.spec.ts" timestamp="2026-07-25T11:39:30.889Z" hostname="chromium" tests="1" failures="0" skipped="0" time="3.859" errors="0">
<testcase name="Navbar or menu navigation works across sections" classname="hina-fatima-portfolio\navbar-navigation.spec.ts" time="3.859">
<system-out>
<![CDATA[
[[ATTACHMENT|hina-fatima-portfolio-navb-7e2d5-ation-works-across-sections-chromium\video.webm]]
]]>
</system-out>
</testcase>
</testsuite>
<testsuite name="hina-fatima-portfolio\page-load.spec.ts" timestamp="2026-07-25T11:39:30.889Z" hostname="chromium" tests="1" failures="0" skipped="0" time="4.687" errors="0">
<testcase name="Website loads correctly and shows the expected title" classname="hina-fatima-portfolio\page-load.spec.ts" time="4.687">
<system-out>
<![CDATA[
[[ATTACHMENT|hina-fatima-portfolio-page-18015-nd-shows-the-expected-title-chromium\video.webm]]
]]>
</system-out>
</testcase>
</testsuite>
<testsuite name="hina-fatima-portfolio\responsive-interactions.spec.ts" timestamp="2026-07-25T11:39:30.889Z" hostname="chromium" tests="1" failures="0" skipped="0" time="3.032" errors="0">
<testcase name="Interactive elements remain accessible across viewport changes" classname="hina-fatima-portfolio\responsive-interactions.spec.ts" time="3.032">
<system-out>
<![CDATA[
[[ATTACHMENT|hina-fatima-portfolio-resp-0b8d0-ble-across-viewport-changes-chromium\video.webm]]
]]>
</system-out>
</testcase>
</testsuite>
<testsuite name="hina-fatima-portfolio\responsive-navigation.spec.ts" timestamp="2026-07-25T11:39:30.889Z" hostname="chromium" tests="1" failures="0" skipped="0" time="2.825" errors="0">
<testcase name="Navigation and buttons remain usable at mobile width" classname="hina-fatima-portfolio\responsive-navigation.spec.ts" time="2.825">
<system-out>
<![CDATA[
[[ATTACHMENT|hina-fatima-portfolio-resp-88934-main-usable-at-mobile-width-chromium\video.webm]]
]]>
</system-out>
</testcase>
</testsuite>
<testsuite name="hina-fatima-portfolio\contact-form-invalid-input.spec.ts" timestamp="2026-07-25T11:39:30.889Z" hostname="firefox" tests="1" failures="0" skipped="0" time="8.177" errors="0">
<testcase name="Invalid input handling shows clear feedback" classname="hina-fatima-portfolio\contact-form-invalid-input.spec.ts" time="8.177">
<system-out>
<![CDATA[
[[ATTACHMENT|hina-fatima-portfolio-cont-a51ff-ndling-shows-clear-feedback-firefox\video.webm]]
]]>
</system-out>
</testcase>
</testsuite>
<testsuite name="hina-fatima-portfolio\contact-form-success.spec.ts" timestamp="2026-07-25T11:39:30.889Z" hostname="firefox" tests="1" failures="0" skipped="0" time="12.875" errors="0">
<testcase name="Valid contact form submission succeeds" classname="hina-fatima-portfolio\contact-form-success.spec.ts" time="12.875">
<system-out>
<![CDATA[
[[ATTACHMENT|hina-fatima-portfolio-cont-58e2c-ct-form-submission-succeeds-firefox\video.webm]]
]]>
</system-out>
</testcase>
</testsuite>
<testsuite name="hina-fatima-portfolio\contact-form-validation.spec.ts" timestamp="2026-07-25T11:39:30.889Z" hostname="firefox" tests="1" failures="0" skipped="0" time="12.144" errors="0">
<testcase name="Contact form blocks submission when required fields are empty" classname="hina-fatima-portfolio\contact-form-validation.spec.ts" time="12.144">
<system-out>
<![CDATA[
[[ATTACHMENT|hina-fatima-portfolio-cont-91ca1-n-required-fields-are-empty-firefox\video.webm]]
]]>
</system-out>
</testcase>
</testsuite>
<testsuite name="hina-fatima-portfolio\cta-interaction.spec.ts" timestamp="2026-07-25T11:39:30.889Z" hostname="firefox" tests="1" failures="0" skipped="0" time="15.613" errors="0">
<testcase name="Primary call-to-action buttons are interactive" classname="hina-fatima-portfolio\cta-interaction.spec.ts" time="15.613">
<system-out>
<![CDATA[
[[ATTACHMENT|hina-fatima-portfolio-cta--70195-ion-buttons-are-interactive-firefox\video.webm]]
]]>
</system-out>
</testcase>
</testsuite>
<testsuite name="hina-fatima-portfolio\navbar-navigation.spec.ts" timestamp="2026-07-25T11:39:30.889Z" hostname="firefox" tests="1" failures="0" skipped="0" time="16.082" errors="0">
<testcase name="Navbar or menu navigation works across sections" classname="hina-fatima-portfolio\navbar-navigation.spec.ts" time="16.082">
<system-out>
<![CDATA[
[[ATTACHMENT|hina-fatima-portfolio-navb-7e2d5-ation-works-across-sections-firefox\video.webm]]
]]>
</system-out>
</testcase>
</testsuite>
<testsuite name="hina-fatima-portfolio\page-load.spec.ts" timestamp="2026-07-25T11:39:30.889Z" hostname="firefox" tests="1" failures="0" skipped="0" time="12.615" errors="0">
<testcase name="Website loads correctly and shows the expected title" classname="hina-fatima-portfolio\page-load.spec.ts" time="12.615">
<system-out>
<![CDATA[
[[ATTACHMENT|hina-fatima-portfolio-page-18015-nd-shows-the-expected-title-firefox\video.webm]]
]]>
</system-out>
</testcase>
</testsuite>
<testsuite name="hina-fatima-portfolio\responsive-interactions.spec.ts" timestamp="2026-07-25T11:39:30.889Z" hostname="firefox" tests="1" failures="0" skipped="0" time="6.859" errors="0">
<testcase name="Interactive elements remain accessible across viewport changes" classname="hina-fatima-portfolio\responsive-interactions.spec.ts" time="6.859">
<system-out>
<![CDATA[
[[ATTACHMENT|hina-fatima-portfolio-resp-0b8d0-ble-across-viewport-changes-firefox\video.webm]]
]]>
</system-out>
</testcase>
</testsuite>
<testsuite name="hina-fatima-portfolio\responsive-navigation.spec.ts" timestamp="2026-07-25T11:39:30.889Z" hostname="firefox" tests="1" failures="0" skipped="0" time="40.94" errors="1">
<testcase name="Navigation and buttons remain usable at mobile width" classname="hina-fatima-portfolio\responsive-navigation.spec.ts" time="40.94">
<system-out>
<![CDATA[
[[ATTACHMENT|hina-fatima-portfolio-resp-88934-main-usable-at-mobile-width-firefox\test-failed-1.png]]

[[ATTACHMENT|hina-fatima-portfolio-resp-88934-main-usable-at-mobile-width-firefox\error-context.md]]
]]>
</system-out>
<error message="Tearing down &quot;context&quot; exceeded the test timeout of 30000ms." type="Error">
<![CDATA[  [firefox] › hina-fatima-portfolio\responsive-navigation.spec.ts:3:5 › Navigation and buttons remain usable at mobile width 

    Tearing down "context" exceeded the test timeout of 30000ms.

    Error: browserContext.close: Test ended.
    Browser logs:

    <launching> C:\Users\Mohammad Babar\AppData\Local\ms-playwright\firefox-1538\firefox\firefox.exe -no-remote -wait-for-browser -foreground -profile C:\Users\MOHAMM~1\AppData\Local\Temp\playwright_firefoxdev_profile-ceYKor -juggler-pipe -silent
    <launched> pid=20152
    [pid=20152][err] JavaScript warning: resource://services-settings/Utils.sys.mjs, line 119: unreachable code after return statement
    [pid=20152][out] 
    [pid=20152][out] Juggler listening to the pipe
    [pid=20152][out] console.error: "Warning: unrecognized command line flag" "-foreground"
    [pid=20152][err] JavaScript error: chrome://juggler/content/Helper.js, line 82: NS_ERROR_FAILURE: Component returned failure code: 0x80004005 (NS_ERROR_FAILURE) [nsIWebProgress.removeProgressListener]
    [pid=20152][out] console.error: "Error fetching remote settings base url from CDN. Falling back to https://firefox-settings-attachments.cdn.mozilla.net/" (new SyntaxError("XMLHttpRequest.open: '/' is not a valid URL.", (void 0), 126))
    [pid=20152][out] console.error: services.settings: 
    [pid=20152][out]   Message: EmptyDatabaseError: "main/nimbus-desktop-experiments" has not been synced yet
    [pid=20152][out]   Stack:
    [pid=20152][out]     EmptyDatabaseError@resource://services-settings/Database.sys.mjs:19:5
    [pid=20152][out] list@resource://services-settings/Database.sys.mjs:96:13
    [pid=20152][out] 
    [pid=20152][out] console.warn: services.settings: #fetchAttachment: Forcing fallbackToDump to false due to Utils.LOAD_DUMPS being false
    [pid=20152][out] console.error: (new NotFoundError("Could not find fa0fc42c-d91d-fca7-34eb-806ff46062dc in cache or dump", "resource://services-settings/Attachments.sys.mjs", 48))
    [pid=20152][out] console.warn: "Unable to find the attachment for" "fa0fc42c-d91d-fca7-34eb-806ff46062dc"
    [pid=20152][err] JavaScript warning: https://demo-portfolio-seven-gamma.vercel.app/, line 716: Script terminated by timeout at:
    [pid=20152][err] @https://demo-portfolio-seven-gamma.vercel.app/:716:1
    [pid=20152][err] EventListener.handleEvent*@https://demo-portfolio-seven-gamma.vercel.app/:710:8
    [pid=20152][err] 
    [pid=20152][err] JavaScript error: chrome://juggler/content/Helper.js, line 82: NS_ERROR_FAILURE: Component returned failure code: 0x80004005 (NS_ERROR_FAILURE) [nsIWebProgress.removeProgressListener]
    [pid=20152] <gracefully close start>
    [pid=20152] <kill>
    [pid=20152] <will force kill>
    [pid=20152] taskkill stdout: SUCCESS: The process with PID 22136 (child process of PID 26312) has been terminated.
    SUCCESS: The process with PID 21976 (child process of PID 26312) has been terminated.
    SUCCESS: The process with PID 5524 (child process of PID 26312) has been terminated.
    SUCCESS: The process with PID 16520 (child process of PID 26312) has been terminated.
    SUCCESS: The process with PID 5872 (child process of PID 26312) has been terminated.
    SUCCESS: The process with PID 28656 (child process of PID 26312) has been terminated.
    SUCCESS: The process with PID 26312 (child process of PID 20152) has been terminated.
    SUCCESS: The process with PID 20152 (child process of PID 25324) has been terminated.


    attachment #1: screenshot (image/png) ──────────────────────────────────────────────────────────
    ..\test-results\hina-fatima-portfolio-resp-88934-main-usable-at-mobile-width-firefox\test-failed-1.png
    ────────────────────────────────────────────────────────────────────────────────────────────────

    Error Context: ..\test-results\hina-fatima-portfolio-resp-88934-main-usable-at-mobile-width-firefox\error-context.md
]]>
</error>
</testcase>
</testsuite>
<testsuite name="hina-fatima-portfolio\contact-form-invalid-input.spec.ts" timestamp="2026-07-25T11:39:30.889Z" hostname="webkit" tests="1" failures="0" skipped="0" time="9.131" errors="0">
<testcase name="Invalid input handling shows clear feedback" classname="hina-fatima-portfolio\contact-form-invalid-input.spec.ts" time="9.131">
<system-out>
<![CDATA[
[[ATTACHMENT|hina-fatima-portfolio-cont-a51ff-ndling-shows-clear-feedback-webkit\video.webm]]
]]>
</system-out>
</testcase>
</testsuite>
<testsuite name="hina-fatima-portfolio\contact-form-success.spec.ts" timestamp="2026-07-25T11:39:30.889Z" hostname="webkit" tests="1" failures="0" skipped="0" time="6.079" errors="0">
<testcase name="Valid contact form submission succeeds" classname="hina-fatima-portfolio\contact-form-success.spec.ts" time="6.079">
<system-out>
<![CDATA[
[[ATTACHMENT|hina-fatima-portfolio-cont-58e2c-ct-form-submission-succeeds-webkit\video.webm]]
]]>
</system-out>
</testcase>
</testsuite>
<testsuite name="hina-fatima-portfolio\contact-form-validation.spec.ts" timestamp="2026-07-25T11:39:30.889Z" hostname="webkit" tests="1" failures="0" skipped="0" time="6.062" errors="0">
<testcase name="Contact form blocks submission when required fields are empty" classname="hina-fatima-portfolio\contact-form-validation.spec.ts" time="6.062">
<system-out>
<![CDATA[
[[ATTACHMENT|hina-fatima-portfolio-cont-91ca1-n-required-fields-are-empty-webkit\video.webm]]
]]>
</system-out>
</testcase>
</testsuite>
<testsuite name="hina-fatima-portfolio\cta-interaction.spec.ts" timestamp="2026-07-25T11:39:30.889Z" hostname="webkit" tests="1" failures="0" skipped="0" time="5.2" errors="0">
<testcase name="Primary call-to-action buttons are interactive" classname="hina-fatima-portfolio\cta-interaction.spec.ts" time="5.2">
<system-out>
<![CDATA[
[[ATTACHMENT|hina-fatima-portfolio-cta--70195-ion-buttons-are-interactive-webkit\video.webm]]
]]>
</system-out>
</testcase>
</testsuite>
<testsuite name="hina-fatima-portfolio\navbar-navigation.spec.ts" timestamp="2026-07-25T11:39:30.889Z" hostname="webkit" tests="1" failures="0" skipped="0" time="4.94" errors="0">
<testcase name="Navbar or menu navigation works across sections" classname="hina-fatima-portfolio\navbar-navigation.spec.ts" time="4.94">
<system-out>
<![CDATA[
[[ATTACHMENT|hina-fatima-portfolio-navb-7e2d5-ation-works-across-sections-webkit\video.webm]]
]]>
</system-out>
</testcase>
</testsuite>
<testsuite name="hina-fatima-portfolio\page-load.spec.ts" timestamp="2026-07-25T11:39:30.889Z" hostname="webkit" tests="1" failures="0" skipped="0" time="3.867" errors="0">
<testcase name="Website loads correctly and shows the expected title" classname="hina-fatima-portfolio\page-load.spec.ts" time="3.867">
<system-out>
<![CDATA[
[[ATTACHMENT|hina-fatima-portfolio-page-18015-nd-shows-the-expected-title-webkit\video.webm]]
]]>
</system-out>
</testcase>
</testsuite>
<testsuite name="hina-fatima-portfolio\responsive-interactions.spec.ts" timestamp="2026-07-25T11:39:30.889Z" hostname="webkit" tests="1" failures="0" skipped="0" time="5.267" errors="0">
<testcase name="Interactive elements remain accessible across viewport changes" classname="hina-fatima-portfolio\responsive-interactions.spec.ts" time="5.267">
<system-out>
<![CDATA[
[[ATTACHMENT|hina-fatima-portfolio-resp-0b8d0-ble-across-viewport-changes-webkit\video.webm]]
]]>
</system-out>
</testcase>
</testsuite>
<testsuite name="hina-fatima-portfolio\responsive-navigation.spec.ts" timestamp="2026-07-25T11:39:30.889Z" hostname="webkit" tests="1" failures="0" skipped="0" time="3.555" errors="0">
<testcase name="Navigation and buttons remain usable at mobile width" classname="hina-fatima-portfolio\responsive-navigation.spec.ts" time="3.555">
<system-out>
<![CDATA[
[[ATTACHMENT|hina-fatima-portfolio-resp-88934-main-usable-at-mobile-width-webkit\video.webm]]
]]>
</system-out>
</testcase>
</testsuite>
</testsuites>